L10 guerrier  kills/min 4 morts 0 pv 1372 puissance 91
L10 templier  kills/min 2 morts 0 pv 1367 puissance 82
L10 mage      kills/min 1 morts 0 pv 707 puissance 92
L10 necro     kills/min 3 morts 0 pv 891 puissance 96
L10 archer    kills/min 2 morts 0 pv 675 puissance 102
L10 assassin  kills/min 1 morts 0 pv 744 puissance 106
L10 druide    kills/min 3 morts 0 pv 703 puissance 76
L10 chaman    kills/min 0 morts 0 pv 694 puissance 80
L20 guerrier  kills/min 6 morts 0 pv 2493 puissance 177
L20 templier  kills/min 6 morts 0 pv 2512 puissance 146
L20 mage      kills/min 5 morts 0 pv 985 puissance 165
L20 necro     kills/min 6 morts 0 pv 930 puissance 158
L20 archer    kills/min 8 morts 0 pv 875 puissance 224
L20 assassin  kills/min 5 morts 0 pv 1408 puissance 214
L20 druide    kills/min 6 morts 0 pv 1221 puissance 157
L20 chaman    kills/min 5 morts 0 pv 1458 puissance 158
L28 guerrier  kills/min 2 morts 0 pv 3633 puissance 229
L28 templier  kills/min 2 morts 0 pv 2978 puissance 199
L28 mage      kills/min 1 morts 0 pv 1001 puissance 224
L28 necro     kills/min 2 morts 0 pv 1238 puissance 296
L28 archer    kills/min 1 morts 0 pv 1062 puissance 268
L28 assassin  kills/min 1 morts 0 pv 1467 puissance 311
L28 druide    kills/min 2 morts 0 pv 1542 puissance 205
L28 chaman    kills/min 1 morts 0 pv 2783 puissance 202
