{
 "turnLeft": {
  "before": {
   "yaw": 0,
   "ry": 0,
   "x": -300,
   "z": 60
  },
  "after": {
   "yaw": 2.6,
   "ry": 2.6,
   "x": -300,
   "z": 60
  }
 },
 "turnRunRight": {
  "before": {
   "yaw": 2.6,
   "ry": 2.6,
   "x": -300,
   "z": 60
  },
  "after": {
   "yaw": 0,
   "ry": 0,
   "x": -295.1,
   "z": 61.6
  }
 },
 "strafeRmb": {
  "before": {
   "yaw": 0,
   "ry": 0,
   "x": -295.1,
   "z": 61.6
  },
  "after": {
   "yaw": 0,
   "ry": 0,
   "x": -302.1,
   "z": 61.6
  }
 },
 "strafeQ": {
  "before": {
   "yaw": 0,
   "ry": 0,
   "x": -302.1,
   "z": 61.6
  },
  "after": {
   "yaw": 0,
   "ry": 0,
   "x": -295.1,
   "z": 61.6
  }
 }
}
