{"spec":"sp_armes","used":13,"fails":["g_frappe"],"pets":[],"hp":1425,"form":null}
{"spec":"sp_furie","used":13,"fails":[],"pets":[],"hp":1003,"form":null}
{"spec":"sp_rempart","used":15,"fails":[],"pets":[],"hp":1898,"form":null}
{"spec":"sp_lumiere","used":13,"fails":[],"pets":[],"hp":1949,"form":null}
{"spec":"sp_bastion","used":13,"fails":[],"pets":[],"hp":1693,"form":null}
{"spec":"sp_chatiment","used":13,"fails":[],"pets":[],"hp":1277,"form":null}
{"spec":"sp_feu","used":11,"fails":["m_lance","m_pyro"],"pets":[],"hp":536,"form":null}
{"spec":"sp_givre","used":13,"fails":["m_trait"],"pets":[],"hp":482,"form":null}
{"spec":"sp_arcanes","used":14,"fails":[],"pets":[],"hp":357,"form":null}
{"spec":"sp_fleau","used":14,"fails":[],"pets":["squelette_serviteur","golem_chair","squelette_serviteur","squelette_serviteur","squelette_serviteur","squelette_serviteur"],"hp":934,"form":null}
{"spec":"sp_legion","used":4,"fails":["n_hurlement","n_os","n_deflagration","n_golem","n_malediction","n_legion","n_faux","n_liche","n_magesq","n_armee"],"pets":[],"hp":500,"form":null}
{"spec":"sp_ossuaire","used":16,"fails":[],"pets":["squelette_serviteur","golem_chair","squelette_serviteur","squelette_serviteur","squelette_serviteur","squelette_serviteur"],"hp":982,"form":null}
{"spec":"sp_precision","used":15,"fails":["a_revivre","a_apprivoiser"],"pets":["loup_pres"],"hp":548,"form":null}
{"spec":"sp_survie","used":13,"fails":["a_tir","a_revivre","a_apprivoiser"],"pets":["loup_pres"],"hp":375,"form":null}
{"spec":"sp_meute","used":15,"fails":["a_revivre","a_apprivoiser"],"pets":["loup_pres","loup_chasse"],"hp":326,"form":null}
{"spec":"sp_venin","used":13,"fails":["as_lacer"],"pets":[],"hp":625,"form":null}
{"spec":"sp_ombres","used":13,"fails":["as_lacer"],"pets":[],"hp":478,"form":null}
{"spec":"sp_dresto","used":14,"fails":[],"pets":[],"hp":1730,"form":null}
{"spec":"sp_equilibre","used":13,"fails":[],"pets":[],"hp":1562,"form":null}
{"spec":"sp_sauvage","used":15,"fails":[],"pets":[],"hp":1823,"form":"felin"}
{"spec":"sp_gardien","used":16,"fails":[],"pets":[],"hp":1851,"form":"ours"}
{"spec":"sp_cresto","used":13,"fails":[],"pets":[],"hp":1947,"form":null}
{"spec":"sp_elem","used":14,"fails":[],"pets":[],"hp":1580,"form":null}
{"spec":"sp_amelio","used":15,"fails":[],"pets":["loup_esprit","loup_esprit"],"hp":1101,"form":null}
