{"sp":"sp_armes","L":20,"hp":1580,"armor":829,"dmg":1.13,"heal":1,"threat":1,"crit":11.8,"block":17,"dodge":3.9,"taken":1,"ehp":5181}
{"sp":"sp_furie","L":20,"hp":1580,"armor":829,"dmg":1.09,"heal":1,"threat":1,"crit":10.3,"block":17,"dodge":3.9,"taken":1,"ehp":5181}
{"sp":"sp_rempart","L":20,"hp":1912,"armor":1177,"dmg":1,"heal":1,"threat":2.42,"crit":8.8,"block":31,"dodge":3.9,"taken":1,"ehp":9107}
{"sp":"sp_lumiere","L":20,"hp":1695,"armor":807,"dmg":1,"heal":1.26,"threat":1,"crit":10.2,"block":17,"dodge":2.5,"taken":1,"ehp":5383}
{"sp":"sp_bastion","L":20,"hp":2051,"armor":1146,"dmg":1,"heal":1,"threat":2.42,"crit":5.7,"block":31,"dodge":2.5,"taken":1,"ehp":9443}
{"sp":"sp_chatiment","L":20,"hp":1695,"armor":807,"dmg":1.13,"heal":1,"threat":1,"crit":12.7,"block":17,"dodge":2.5,"taken":1,"ehp":5383}
{"sp":"sp_feu","L":20,"hp":913,"armor":246,"dmg":1.13,"heal":1,"threat":1,"crit":15.5,"block":0,"dodge":2.6,"taken":1,"ehp":1462}
{"sp":"sp_givre","L":20,"hp":968,"armor":283,"dmg":1.13,"heal":1,"threat":1,"crit":8.5,"block":0,"dodge":2.6,"taken":1,"ehp":1701}
{"sp":"sp_arcanes","L":20,"hp":913,"armor":246,"dmg":1.12,"heal":1,"threat":1,"crit":10,"block":0,"dodge":2.6,"taken":1,"ehp":1462}
{"sp":"sp_fleau","L":20,"hp":967,"armor":248,"dmg":1.09,"heal":1,"threat":1,"crit":9.8,"block":0,"dodge":2.5,"taken":1,"ehp":1550}
{"sp":"sp_legion","L":20,"hp":967,"armor":248,"dmg":1.08,"heal":1,"threat":1,"crit":8.3,"block":0,"dodge":2.5,"taken":1,"ehp":1550}
{"sp":"sp_ossuaire","L":20,"hp":1489,"armor":830,"dmg":1,"heal":1,"threat":2.86,"crit":8.3,"block":0,"dodge":10.5,"taken":1,"ehp":5648}
{"sp":"sp_precision","L":20,"hp":959,"armor":437,"dmg":1.1,"heal":1,"threat":1,"crit":28,"block":0,"dodge":8.9,"taken":1,"ehp":2099}
{"sp":"sp_survie","L":20,"hp":959,"armor":437,"dmg":1.1,"heal":1,"threat":1,"crit":20,"block":0,"dodge":8.9,"taken":1,"ehp":2099}
{"sp":"sp_meute","L":20,"hp":959,"armor":437,"dmg":1.04,"heal":1,"threat":1,"crit":23,"block":0,"dodge":8.9,"taken":1,"ehp":2099}
{"sp":"sp_venin","L":20,"hp":1046,"armor":439,"dmg":1.09,"heal":1,"threat":1,"crit":21.4,"block":0,"dodge":8.9,"taken":1,"ehp":2294}
{"sp":"sp_ombres","L":20,"hp":1046,"armor":439,"dmg":1.08,"heal":1,"threat":1,"crit":27.9,"block":0,"dodge":12.9,"taken":1,"ehp":2400}
{"sp":"sp_dresto","L":20,"hp":885,"armor":412,"dmg":1,"heal":1.26,"threat":1,"crit":5.9,"block":0,"dodge":2.6,"taken":1,"ehp":1758}
{"sp":"sp_equilibre","L":20,"hp":885,"armor":412,"dmg":1.13,"heal":1,"threat":1,"crit":8.9,"block":0,"dodge":2.6,"taken":1,"ehp":1758}
{"sp":"sp_sauvage","L":20,"hp":885,"armor":412,"dmg":1.13,"heal":1,"threat":1,"crit":13.9,"block":0,"dodge":7.1,"taken":1,"ehp":1843,"formHp":885,"formArmor":412,"form":"felin","formEhp":1843}
{"sp":"sp_gardien","L":20,"hp":1071,"armor":638,"dmg":1,"heal":1,"threat":2.86,"crit":5.9,"block":0,"dodge":2.6,"taken":1,"ehp":3132,"formHp":1337,"formArmor":1132,"form":"ours","formEhp":6502}
{"sp":"sp_cresto","L":20,"hp":1118,"armor":519,"dmg":1,"heal":1.26,"threat":1,"crit":5.7,"block":0,"dodge":2.5,"taken":1,"ehp":2498}
{"sp":"sp_elem","L":20,"hp":1118,"armor":519,"dmg":1.13,"heal":1,"threat":1,"crit":5.7,"block":0,"dodge":2.5,"taken":1,"ehp":2498}
{"sp":"sp_amelio","L":20,"hp":1118,"armor":519,"dmg":1.12,"heal":1,"threat":1,"crit":7.2,"block":0,"dodge":2.5,"taken":1,"ehp":2549}
{"sp":"sp_armes","L":40,"hp":2885,"armor":1384,"dmg":1.16,"heal":1,"threat":1,"crit":13.9,"block":17,"dodge":5.1,"taken":1,"ehp":8800}
{"sp":"sp_furie","L":40,"hp":2722,"armor":1384,"dmg":1.16,"heal":1,"threat":1,"crit":15.4,"block":17,"dodge":5.1,"taken":1,"ehp":8648}
{"sp":"sp_rempart","L":40,"hp":3403,"armor":1965,"dmg":1,"heal":1,"threat":2.86,"crit":10.9,"block":31,"dodge":5.1,"taken":1,"ehp":15579}
{"sp":"sp_lumiere","L":40,"hp":2906,"armor":1347,"dmg":1,"heal":1.3,"threat":1,"crit":10.7,"block":17,"dodge":2.8,"taken":1,"ehp":9049}
{"sp":"sp_bastion","L":40,"hp":3633,"armor":1913,"dmg":1,"heal":1,"threat":2.86,"crit":6.2,"block":31,"dodge":2.8,"taken":1,"ehp":15257}
{"sp":"sp_chatiment","L":40,"hp":3080,"armor":1347,"dmg":1.16,"heal":1,"threat":1,"crit":13.2,"block":17,"dodge":2.8,"taken":1,"ehp":9015}
{"sp":"sp_feu","L":40,"hp":1565,"armor":420,"dmg":1.22,"heal":1,"threat":1,"crit":17.3,"block":0,"dodge":3,"taken":1,"ehp":2419}
{"sp":"sp_givre","L":40,"hp":1659,"armor":483,"dmg":1.22,"heal":1,"threat":1,"crit":10.3,"block":0,"dodge":3,"taken":1,"ehp":2804}
{"sp":"sp_arcanes","L":40,"hp":1565,"armor":420,"dmg":1.2,"heal":1,"threat":1,"crit":14.8,"block":0,"dodge":3,"taken":1,"ehp":2419}
{"sp":"sp_fleau","L":40,"hp":1656,"armor":422,"dmg":1.13,"heal":1,"threat":1,"crit":14.5,"block":0,"dodge":2.8,"taken":1,"ehp":2560}
{"sp":"sp_legion","L":40,"hp":1656,"armor":422,"dmg":1.09,"heal":1,"threat":1,"crit":10,"block":0,"dodge":2.8,"taken":1,"ehp":2560}
{"sp":"sp_ossuaire","L":40,"hp":2551,"armor":1457,"dmg":1,"heal":1,"threat":2.86,"crit":10,"block":0,"dodge":10.8,"taken":1,"ehp":9897}
{"sp":"sp_precision","L":40,"hp":1647,"armor":732,"dmg":1.14,"heal":1,"threat":1,"crit":38,"block":0,"dodge":17.9,"taken":1,"ehp":3757}
{"sp":"sp_survie","L":40,"hp":1746,"armor":732,"dmg":1.14,"heal":1,"threat":1,"crit":30,"block":0,"dodge":18.4,"taken":1,"ehp":4007}
{"sp":"sp_meute","L":40,"hp":1746,"armor":732,"dmg":1.07,"heal":1,"threat":1,"crit":33,"block":0,"dodge":13.9,"taken":1,"ehp":3797}
{"sp":"sp_venin","L":40,"hp":1799,"armor":736,"dmg":1.13,"heal":1,"threat":1,"crit":34.4,"block":0,"dodge":13.9,"taken":1,"ehp":3919}
{"sp":"sp_ombres","L":40,"hp":1799,"armor":736,"dmg":1.11,"heal":1,"threat":1,"crit":37.9,"block":0,"dodge":17.9,"taken":1,"ehp":4282}
{"sp":"sp_dresto","L":40,"hp":1549,"armor":691,"dmg":1,"heal":1.3,"threat":1,"crit":6.5,"block":0,"dodge":3,"taken":1,"ehp":3031}
{"sp":"sp_equilibre","L":40,"hp":1549,"armor":760,"dmg":1.22,"heal":1,"threat":1,"crit":9.5,"block":0,"dodge":3,"taken":1,"ehp":3041}
{"sp":"sp_sauvage","L":40,"hp":1549,"armor":691,"dmg":1.22,"heal":1,"threat":1,"crit":14.5,"block":0,"dodge":7.5,"taken":1,"ehp":3052,"formHp":1549,"formArmor":691,"form":"felin","formEhp":3052}
{"sp":"sp_gardien","L":40,"hp":1875,"armor":1140,"dmg":1,"heal":1,"threat":2.86,"crit":6.5,"block":0,"dodge":3,"taken":1,"ehp":5298,"formHp":2340,"formArmor":1970,"form":"ours","formEhp":10704}
{"sp":"sp_cresto","L":40,"hp":1941,"armor":870,"dmg":1,"heal":1.3,"threat":1,"crit":6.2,"block":0,"dodge":2.8,"taken":1,"ehp":4064}
{"sp":"sp_elem","L":40,"hp":1941,"armor":957,"dmg":1.22,"heal":1,"threat":1,"crit":6.2,"block":0,"dodge":2.8,"taken":1,"ehp":4271}
{"sp":"sp_amelio","L":40,"hp":1941,"armor":870,"dmg":1.2,"heal":1,"threat":1,"crit":10.7,"block":0,"dodge":2.8,"taken":1,"ehp":4324}
