guerrier L3  vs loup_pres (lvl 3): kills=5 in 60s, deaths=0, minHp=100%, power=40, hp=764, armor=267
guerrier L8  vs araignee (lvl 8): kills=9 in 60s, deaths=0, minHp=95%, power=88, hp=1096, armor=535
guerrier L15 vs crocodile (lvl 15): kills=6 in 60s, deaths=0, minHp=95%, power=135, hp=1762, armor=909
guerrier L22 vs gargouille (lvl 22): kills=8 in 60s, deaths=0, minHp=94%, power=196, hp=2515, armor=1339
guerrier L28 vs golem_obsidienne (lvl 28): kills=4 in 60s, deaths=0, minHp=72%, power=174, hp=2914, armor=1644
mage     L3  vs loup_pres (lvl 3): kills=8 in 60s, deaths=0, minHp=82%, power=40, hp=258, armor=54
mage     L8  vs araignee (lvl 8): kills=9 in 60s, deaths=0, minHp=100%, power=77, hp=589, armor=117
mage     L15 vs crocodile (lvl 15): kills=9 in 60s, deaths=0, minHp=94%, power=108, hp=894, armor=200
mage     L22 vs gargouille (lvl 22): kills=11 in 60s, deaths=0, minHp=36%, power=195, hp=1103, armor=276
mage     L28 vs golem_obsidienne (lvl 28): kills=7 in 60s, deaths=0, minHp=77%, power=218, hp=1325, armor=345
archer   L3  vs loup_pres (lvl 3): kills=8 in 60s, deaths=0, minHp=97%, power=43, hp=382, armor=101
archer   L8  vs araignee (lvl 8): kills=9 in 60s, deaths=0, minHp=100%, power=105, hp=482, armor=197
archer   L15 vs crocodile (lvl 15): kills=8 in 60s, deaths=0, minHp=94%, power=133, hp=643, armor=332
archer   L22 vs gargouille (lvl 22): kills=12 in 60s, deaths=0, minHp=80%, power=223, hp=1297, armor=492
archer   L28 vs golem_obsidienne (lvl 28): kills=7 in 60s, deaths=0, minHp=92%, power=287, hp=1422, armor=607
druide   L3  vs loup_pres (lvl 3): kills=8 in 60s, deaths=0, minHp=98%, power=40, hp=373, armor=95
druide   L8  vs araignee (lvl 8): kills=6 in 60s, deaths=0, minHp=99%, power=70, hp=830, armor=204
druide   L15 vs crocodile (lvl 15): kills=6 in 60s, deaths=0, minHp=94%, power=126, hp=920, armor=329
druide   L22 vs gargouille (lvl 22): kills=5 in 60s, deaths=0, minHp=78%, power=136, hp=1827, armor=493
druide   L28 vs golem_obsidienne (lvl 28): kills=5 in 60s, deaths=0, minHp=64%, power=209, hp=906, armor=552
